2026-02-10 17:31:43.458 +01:00 [INF] Start installing Hangfire SQL objects...
2026-02-10 17:31:43.667 +01:00 [INF] Hangfire SQL objects installed.
2026-02-10 17:31:43.689 +01:00 [INF] Visualization API started successfully
2026-02-10 17:31:43.689 +01:00 [INF] Environment: Development
2026-02-10 17:31:43.689 +01:00 [INF] Swagger UI: https://localhost:7130/swagger
2026-02-10 17:31:43.689 +01:00 [INF] Health Check: https://localhost:7130/health
2026-02-10 17:31:43.689 +01:00 [INF] SignalR Hub: wss://localhost:7130/hubs/visualization
2026-02-10 17:31:43.768 +01:00 [ERR] Hosting failed to start
System.IO.IOException: Failed to bind to address http://127.0.0.1:5284: address already in use.
 ---> Microsoft.AspNetCore.Connections.AddressInUseException: Only one usage of each socket address (protocol/network address/port) is normally permitted.
 ---> System.Net.Sockets.SocketException (10048): Only one usage of each socket address (protocol/network address/port) is normally permitted.
   at System.Net.Sockets.Socket.UpdateStatusAfterSocketErrorAndThrowException(SocketError error, Boolean disconnectOnFailure, String callerName)
   at System.Net.Sockets.Socket.DoBind(EndPoint endPointSnapshot, SocketAddress socketAddress)
   at System.Net.Sockets.Socket.Bind(EndPoint localEP)
   at Microsoft.AspNetCore.Server.Kestrel.Transport.Sockets.SocketTransportOptions.CreateDefaultBoundListenSocket(EndPoint endpoint)
   at Microsoft.AspNetCore.Server.Kestrel.Transport.Sockets.SocketConnectionListener.Bind()
   --- End of inner exception stack trace ---
   at Microsoft.AspNetCore.Server.Kestrel.Transport.Sockets.SocketConnectionListener.Bind()
   at Microsoft.AspNetCore.Server.Kestrel.Transport.Sockets.SocketTransportFactory.BindAsync(EndPoint endpoint, CancellationToken cancellationToken)
   at Microsoft.AspNetCore.Server.Kestrel.Core.Internal.Infrastructure.TransportManager.BindAsync(EndPoint endPoint, ConnectionDelegate connectionDelegate, EndpointConfig endpointConfig, CancellationToken cancellationToken)
   at Microsoft.AspNetCore.Server.Kestrel.Core.KestrelServerImpl.<>c__DisplayClass28_0`1.<<StartAsync>g__OnBind|0>d.MoveNext()
--- End of stack trace from previous location ---
   at Microsoft.AspNetCore.Server.Kestrel.Core.Internal.AddressBinder.BindEndpointAsync(ListenOptions endpoint, AddressBindContext context, CancellationToken cancellationToken)
   --- End of inner exception stack trace ---
   at Microsoft.AspNetCore.Server.Kestrel.Core.Internal.AddressBinder.BindEndpointAsync(ListenOptions endpoint, AddressBindContext context, CancellationToken cancellationToken)
   at Microsoft.AspNetCore.Server.Kestrel.Core.LocalhostListenOptions.BindAsync(AddressBindContext context, CancellationToken cancellationToken)
   at Microsoft.AspNetCore.Server.Kestrel.Core.Internal.AddressBinder.AddressesStrategy.BindAsync(AddressBindContext context, CancellationToken cancellationToken)
   at Microsoft.AspNetCore.Server.Kestrel.Core.KestrelServerImpl.BindAsync(CancellationToken cancellationToken)
   at Microsoft.AspNetCore.Server.Kestrel.Core.KestrelServerImpl.StartAsync[TContext](IHttpApplication`1 application, CancellationToken cancellationToken)
   at Microsoft.AspNetCore.Hosting.GenericWebHostService.StartAsync(CancellationToken cancellationToken)
   at Microsoft.Extensions.Hosting.Internal.Host.<StartAsync>b__14_1(IHostedService service, CancellationToken token)
   at Microsoft.Extensions.Hosting.Internal.Host.ForeachService[T](IEnumerable`1 services, CancellationToken token, Boolean concurrent, Boolean abortOnFirstException, List`1 exceptions, Func`3 operation)
2026-02-10 17:31:43.782 +01:00 [FTL] Application terminated unexpectedly
System.IO.IOException: Failed to bind to address http://127.0.0.1:5284: address already in use.
 ---> Microsoft.AspNetCore.Connections.AddressInUseException: Only one usage of each socket address (protocol/network address/port) is normally permitted.
 ---> System.Net.Sockets.SocketException (10048): Only one usage of each socket address (protocol/network address/port) is normally permitted.
   at System.Net.Sockets.Socket.UpdateStatusAfterSocketErrorAndThrowException(SocketError error, Boolean disconnectOnFailure, String callerName)
   at System.Net.Sockets.Socket.DoBind(EndPoint endPointSnapshot, SocketAddress socketAddress)
   at System.Net.Sockets.Socket.Bind(EndPoint localEP)
   at Microsoft.AspNetCore.Server.Kestrel.Transport.Sockets.SocketTransportOptions.CreateDefaultBoundListenSocket(EndPoint endpoint)
   at Microsoft.AspNetCore.Server.Kestrel.Transport.Sockets.SocketConnectionListener.Bind()
   --- End of inner exception stack trace ---
   at Microsoft.AspNetCore.Server.Kestrel.Transport.Sockets.SocketConnectionListener.Bind()
   at Microsoft.AspNetCore.Server.Kestrel.Transport.Sockets.SocketTransportFactory.BindAsync(EndPoint endpoint, CancellationToken cancellationToken)
   at Microsoft.AspNetCore.Server.Kestrel.Core.Internal.Infrastructure.TransportManager.BindAsync(EndPoint endPoint, ConnectionDelegate connectionDelegate, EndpointConfig endpointConfig, CancellationToken cancellationToken)
   at Microsoft.AspNetCore.Server.Kestrel.Core.KestrelServerImpl.<>c__DisplayClass28_0`1.<<StartAsync>g__OnBind|0>d.MoveNext()
--- End of stack trace from previous location ---
   at Microsoft.AspNetCore.Server.Kestrel.Core.Internal.AddressBinder.BindEndpointAsync(ListenOptions endpoint, AddressBindContext context, CancellationToken cancellationToken)
   --- End of inner exception stack trace ---
   at Microsoft.AspNetCore.Server.Kestrel.Core.Internal.AddressBinder.BindEndpointAsync(ListenOptions endpoint, AddressBindContext context, CancellationToken cancellationToken)
   at Microsoft.AspNetCore.Server.Kestrel.Core.LocalhostListenOptions.BindAsync(AddressBindContext context, CancellationToken cancellationToken)
   at Microsoft.AspNetCore.Server.Kestrel.Core.Internal.AddressBinder.AddressesStrategy.BindAsync(AddressBindContext context, CancellationToken cancellationToken)
   at Microsoft.AspNetCore.Server.Kestrel.Core.KestrelServerImpl.BindAsync(CancellationToken cancellationToken)
   at Microsoft.AspNetCore.Server.Kestrel.Core.KestrelServerImpl.StartAsync[TContext](IHttpApplication`1 application, CancellationToken cancellationToken)
   at Microsoft.AspNetCore.Hosting.GenericWebHostService.StartAsync(CancellationToken cancellationToken)
   at Microsoft.Extensions.Hosting.Internal.Host.<StartAsync>b__14_1(IHostedService service, CancellationToken token)
   at Microsoft.Extensions.Hosting.Internal.Host.ForeachService[T](IEnumerable`1 services, CancellationToken token, Boolean concurrent, Boolean abortOnFirstException, List`1 exceptions, Func`3 operation)
   at Microsoft.Extensions.Hosting.Internal.Host.StartAsync(CancellationToken cancellationToken)
   at Microsoft.Extensions.Hosting.HostingAbstractionsHostExtensions.RunAsync(IHost host, CancellationToken token)
   at Microsoft.Extensions.Hosting.HostingAbstractionsHostExtensions.RunAsync(IHost host, CancellationToken token)
   at Program.<Main>$(String[] args) in C:\Users\DATART\Desktop\NovelVision\src\Services\Visualization.API\NovelVision.Services.Visualization.API\Program.cs:line 51
2026-02-10 17:36:27.531 +01:00 [INF] Start installing Hangfire SQL objects...
2026-02-10 17:36:27.899 +01:00 [INF] Hangfire SQL objects installed.
2026-02-10 17:36:27.925 +01:00 [INF] Visualization API started successfully
2026-02-10 17:36:27.926 +01:00 [INF] Environment: Development
2026-02-10 17:36:27.926 +01:00 [INF] Swagger UI: https://localhost:7130/swagger
2026-02-10 17:36:27.926 +01:00 [INF] Health Check: https://localhost:7130/health
2026-02-10 17:36:27.926 +01:00 [INF] SignalR Hub: wss://localhost:7130/hubs/visualization
2026-02-10 17:36:28.015 +01:00 [INF] Starting Hangfire Server using job storage: 'SQL Server: LAPTOP-OHNFI7TT@NovelVision.Visualization'
2026-02-10 17:36:28.015 +01:00 [INF] Using the following options for SQL Server job storage: Queue poll interval: 00:00:15.
2026-02-10 17:36:28.015 +01:00 [INF] Using the following options for Hangfire Server:
    Worker count: 16
    Listening queues: 'visualization', 'default'
    Shutdown timeout: 00:00:15
    Schedule polling interval: 00:00:15
2026-02-10 17:36:28.128 +01:00 [INF] Server laptop-ohnfi7tt:43068:173decd0 successfully announced in 93,7858 ms
2026-02-10 17:36:28.130 +01:00 [INF] Server laptop-ohnfi7tt:43068:173decd0 is starting the registered dispatchers: ServerWatchdog, ServerJobCancellationWatcher, SqlServerHeartbeatProcess, ExpirationManager, CountersAggregator, Worker, DelayedJobScheduler, RecurringJobScheduler...
2026-02-10 17:36:28.159 +01:00 [INF] Server laptop-ohnfi7tt:43068:173decd0 all the dispatchers started
2026-02-10 17:44:18.983 +01:00 [WRN] Stopping the server due to DomainUnload or ProcessExit event...
2026-02-10 17:44:18.983 +01:00 [INF] Server laptop-ohnfi7tt:43068:173decd0 caught stopping signal...
2026-02-10 17:44:18.984 +01:00 [INF] Server laptop-ohnfi7tt:43068:173decd0 caught stopped signal...
2026-02-10 17:44:18.985 +01:00 [WRN] Server laptop-ohnfi7tt:43068:173decd0 caught shutdown signal...
2026-02-10 17:44:18.990 +01:00 [WRN] Server laptop-ohnfi7tt:43068:173decd0 stopped non-gracefully due to ServerWatchdog, ServerJobCancellationWatcher, SqlServerHeartbeatProcess, ExpirationManager, CountersAggregator, Worker, DelayedJobScheduler, RecurringJobScheduler. Outstanding work on those dispatchers could be aborted, and there can be delays in background processing. This server instance will be incorrectly shown as active for a while. To avoid non-graceful shutdowns, investigate what prevents from stopping gracefully and add CancellationToken support for those methods.
2026-02-10 17:44:19.016 +01:00 [INF] Server laptop-ohnfi7tt:43068:173decd0 successfully reported itself as stopped in 20,4047 ms
2026-02-10 17:44:19.017 +01:00 [INF] Server laptop-ohnfi7tt:43068:173decd0 has been stopped in total 33,91 ms
2026-02-10 17:44:36.475 +01:00 [INF] Start installing Hangfire SQL objects...
2026-02-10 17:44:36.907 +01:00 [INF] Hangfire SQL objects installed.
2026-02-10 17:44:36.942 +01:00 [INF] Visualization API started successfully
2026-02-10 17:44:36.946 +01:00 [INF] Environment: Development
2026-02-10 17:44:36.947 +01:00 [INF] Swagger UI: https://localhost:7130/swagger
2026-02-10 17:44:36.947 +01:00 [INF] Health Check: https://localhost:7130/health
2026-02-10 17:44:36.947 +01:00 [INF] SignalR Hub: wss://localhost:7130/hubs/visualization
2026-02-10 17:44:37.051 +01:00 [INF] Starting Hangfire Server using job storage: 'SQL Server: LAPTOP-OHNFI7TT@NovelVision.Visualization'
2026-02-10 17:44:37.052 +01:00 [INF] Using the following options for SQL Server job storage: Queue poll interval: 00:00:15.
2026-02-10 17:44:37.059 +01:00 [INF] Using the following options for Hangfire Server:
    Worker count: 16
    Listening queues: 'visualization', 'default'
    Shutdown timeout: 00:00:15
    Schedule polling interval: 00:00:15
2026-02-10 17:44:37.296 +01:00 [INF] Server laptop-ohnfi7tt:36492:7180a9cb successfully announced in 185,724 ms
2026-02-10 17:44:37.300 +01:00 [INF] Server laptop-ohnfi7tt:36492:7180a9cb is starting the registered dispatchers: ServerWatchdog, ServerJobCancellationWatcher, SqlServerHeartbeatProcess, ExpirationManager, CountersAggregator, Worker, DelayedJobScheduler, RecurringJobScheduler...
2026-02-10 17:44:37.490 +01:00 [INF] Server laptop-ohnfi7tt:36492:7180a9cb all the dispatchers started
